\BOOKMARK [1][-]{section.1}{\376\377\000R\000o\000l\000e\000\040\000C\000o\000n\000t\000e\000x\000t\000\040\000a\000n\000d\000\040\000S\000y\000s\000t\000e\000m\000\040\000B\000o\000u\000n\000d\000a\000r\000y}{}% 1
\BOOKMARK [2][-]{subsection.1.1}{\376\377\000E\000s\000s\000e\000n\000t\000i\000a\000l\000\040\000t\000e\000r\000m\000i\000n\000o\000l\000o\000g\000y}{section.1}% 2
\BOOKMARK [1][-]{section.2}{\376\377\000C\000i\000r\000c\000u\000i\000t\000,\000\040\000E\000n\000e\000r\000g\000y\000,\000\040\000a\000n\000d\000\040\000M\000e\000a\000s\000u\000r\000e\000m\000e\000n\000t\000\040\000F\000u\000n\000d\000a\000m\000e\000n\000t\000a\000l\000s}{}% 3
\BOOKMARK [2][-]{subsection.2.1}{\376\377\000V\000o\000l\000t\000a\000g\000e\000,\000\040\000c\000u\000r\000r\000e\000n\000t\000,\000\040\000p\000o\000w\000e\000r\000,\000\040\000a\000n\000d\000\040\000e\000n\000e\000r\000g\000y}{section.2}% 4
\BOOKMARK [2][-]{subsection.2.2}{\376\377\000K\000i\000r\000c\000h\000h\000o\000f\000f\000'\000s\000\040\000l\000a\000w\000s\000\040\000a\000n\000d\000\040\000e\000q\000u\000i\000v\000a\000l\000e\000n\000t\000\040\000c\000i\000r\000c\000u\000i\000t\000s}{section.2}% 5
\BOOKMARK [2][-]{subsection.2.3}{\376\377\000R\000M\000S\000,\000\040\000c\000r\000e\000s\000t\000\040\000f\000a\000c\000t\000o\000r\000,\000\040\000b\000a\000n\000d\000w\000i\000d\000t\000h\000,\000\040\000a\000n\000d\000\040\000s\000a\000f\000e\000\040\000p\000r\000o\000b\000i\000n\000g}{section.2}% 6
\BOOKMARK [2][-]{subsection.2.4}{\376\377\000P\000h\000a\000s\000o\000r\000s\000\040\000a\000n\000d\000\040\000i\000m\000p\000e\000d\000a\000n\000c\000e}{section.2}% 7
\BOOKMARK [1][-]{section.3}{\376\377\000A\000C\000,\000\040\000T\000h\000r\000e\000e\000-\000P\000h\000a\000s\000e\000\040\000P\000o\000w\000e\000r\000,\000\040\000a\000n\000d\000\040\000P\000e\000r\000-\000U\000n\000i\000t\000\040\000A\000n\000a\000l\000y\000s\000i\000s}{}% 8
\BOOKMARK [2][-]{subsection.3.1}{\376\377\000C\000o\000m\000p\000l\000e\000x\000\040\000p\000o\000w\000e\000r}{section.3}% 9
\BOOKMARK [2][-]{subsection.3.2}{\376\377\000B\000a\000l\000a\000n\000c\000e\000d\000\040\000t\000h\000r\000e\000e\000-\000p\000h\000a\000s\000e\000\040\000s\000y\000s\000t\000e\000m\000s}{section.3}% 10
\BOOKMARK [2][-]{subsection.3.3}{\376\377\000P\000o\000w\000e\000r\000\040\000f\000l\000o\000w\000\040\000i\000n\000t\000u\000i\000t\000i\000o\000n\000\040\000a\000n\000d\000\040\000p\000e\000r\000-\000u\000n\000i\000t}{section.3}% 11
\BOOKMARK [1][-]{section.4}{\376\377\000T\000r\000a\000n\000s\000f\000o\000r\000m\000e\000r\000s\000,\000\040\000C\000a\000b\000l\000e\000s\000,\000\040\000S\000w\000i\000t\000c\000h\000g\000e\000a\000r\000,\000\040\000a\000n\000d\000\040\000G\000r\000o\000u\000n\000d\000i\000n\000g}{}% 12
\BOOKMARK [2][-]{subsection.4.1}{\376\377\000T\000r\000a\000n\000s\000f\000o\000r\000m\000e\000r\000\040\000b\000e\000h\000a\000v\000i\000o\000r}{section.4}% 13
\BOOKMARK [2][-]{subsection.4.2}{\376\377\000C\000a\000b\000l\000e\000s\000,\000\040\000b\000u\000s\000,\000\040\000a\000n\000d\000\040\000c\000u\000r\000r\000e\000n\000t\000\040\000c\000a\000p\000a\000c\000i\000t\000y}{section.4}% 14
\BOOKMARK [2][-]{subsection.4.3}{\376\377\000G\000r\000o\000u\000n\000d\000i\000n\000g\000,\000\040\000b\000o\000n\000d\000i\000n\000g\000,\000\040\000a\000n\000d\000\040\000s\000w\000i\000t\000c\000h\000g\000e\000a\000r}{section.4}% 15
\BOOKMARK [1][-]{section.5}{\376\377\000P\000o\000w\000e\000r\000\040\000E\000l\000e\000c\000t\000r\000o\000n\000i\000c\000s\000\040\000H\000a\000r\000d\000w\000a\000r\000e\000\040\000a\000n\000d\000\040\000t\000h\000e\000\040\000I\000n\000v\000e\000r\000t\000e\000r\000\040\000P\000l\000a\000n\000t}{}% 16
\BOOKMARK [2][-]{subsection.5.1}{\376\377\000V\000o\000l\000t\000a\000g\000e\000-\000s\000o\000u\000r\000c\000e\000\040\000i\000n\000v\000e\000r\000t\000e\000r\000\040\000a\000r\000c\000h\000i\000t\000e\000c\000t\000u\000r\000e}{section.5}% 17
\BOOKMARK [2][-]{subsection.5.2}{\376\377\000D\000C\000\040\000l\000i\000n\000k\000\040\000a\000n\000d\000\040\000p\000r\000e\000c\000h\000a\000r\000g\000e}{section.5}% 18
\BOOKMARK [2][-]{subsection.5.3}{\376\377\000P\000W\000M\000,\000\040\000d\000e\000v\000i\000c\000e\000s\000,\000\040\000a\000n\000d\000\040\000E\000M\000I}{section.5}% 19
\BOOKMARK [2][-]{subsection.5.4}{\376\377\000L\000,\000\040\000L\000C\000,\000\040\000a\000n\000d\000\040\000L\000C\000L\000\040\000f\000i\000l\000t\000e\000r\000s}{section.5}% 20
\BOOKMARK [2][-]{subsection.5.5}{\376\377\000T\000h\000e\000r\000m\000a\000l\000\040\000c\000h\000a\000i\000n\000\040\000a\000n\000d\000\040\000d\000e\000r\000a\000t\000i\000n\000g}{section.5}% 21
\BOOKMARK [1][-]{section.6}{\376\377\000G\000r\000i\000d\000-\000F\000o\000l\000l\000o\000w\000i\000n\000g\000\040\000C\000o\000n\000t\000r\000o\000l}{}% 22
\BOOKMARK [2][-]{subsection.6.1}{\376\377\000R\000e\000f\000e\000r\000e\000n\000c\000e\000\040\000f\000r\000a\000m\000e\000s\000\040\000a\000n\000d\000\040\000p\000h\000a\000s\000e\000-\000l\000o\000c\000k\000e\000d\000\040\000l\000o\000o\000p}{section.6}% 23
\BOOKMARK [2][-]{subsection.6.2}{\376\377\000L\000o\000o\000p\000\040\000b\000a\000n\000d\000w\000i\000d\000t\000h\000\040\000a\000n\000d\000\040\000g\000r\000i\000d\000\040\000s\000t\000r\000e\000n\000g\000t\000h}{section.6}% 24
\BOOKMARK [2][-]{subsection.6.3}{\376\377\000C\000u\000r\000r\000e\000n\000t\000\040\000l\000i\000m\000i\000t\000s\000\040\000a\000n\000d\000\040\000a\000n\000t\000i\000-\000w\000i\000n\000d\000u\000p}{section.6}% 25
\BOOKMARK [1][-]{section.7}{\376\377\000G\000r\000i\000d\000-\000F\000o\000r\000m\000i\000n\000g\000\040\000C\000o\000n\000t\000r\000o\000l\000\040\000a\000n\000d\000\040\000I\000s\000l\000a\000n\000d\000e\000d\000\040\000O\000p\000e\000r\000a\000t\000i\000o\000n}{}% 26
\BOOKMARK [2][-]{subsection.7.1}{\376\377\000T\000h\000e\000\040\000g\000r\000i\000d\000-\000f\000o\000r\000m\000i\000n\000g\000\040\000o\000b\000j\000e\000c\000t\000i\000v\000e}{section.7}% 27
\BOOKMARK [2][-]{subsection.7.2}{\376\377\000D\000r\000o\000o\000p\000\040\000a\000n\000d\000\040\000v\000i\000r\000t\000u\000a\000l\000\040\000i\000m\000p\000e\000d\000a\000n\000c\000e}{section.7}% 28
\BOOKMARK [2][-]{subsection.7.3}{\376\377\000T\000r\000a\000n\000s\000i\000t\000i\000o\000n\000\040\000a\000n\000d\000\040\000p\000r\000o\000t\000e\000c\000t\000i\000o\000n\000\040\000i\000m\000p\000l\000i\000c\000a\000t\000i\000o\000n\000s}{section.7}% 29
\BOOKMARK [1][-]{section.8}{\376\377\000S\000t\000a\000b\000i\000l\000i\000t\000y\000\040\000a\000n\000d\000\040\000I\000m\000p\000e\000d\000a\000n\000c\000e\000-\000B\000a\000s\000e\000d\000\040\000T\000h\000i\000n\000k\000i\000n\000g}{}% 30
\BOOKMARK [1][-]{section.9}{\376\377\000I\000n\000t\000e\000r\000c\000o\000n\000n\000e\000c\000t\000i\000o\000n\000\040\000F\000u\000n\000c\000t\000i\000o\000n\000s\000\040\000a\000n\000d\000\040\000G\000r\000i\000d\000-\000C\000o\000d\000e\000\040\000V\000a\000l\000i\000d\000a\000t\000i\000o\000n}{}% 31
\BOOKMARK [2][-]{subsection.9.1}{\376\377\000T\000r\000a\000n\000s\000l\000a\000t\000e\000\040\000r\000e\000q\000u\000i\000r\000e\000m\000e\000n\000t\000s\000\040\000i\000n\000t\000o\000\040\000e\000v\000i\000d\000e\000n\000c\000e}{section.9}% 32
\BOOKMARK [2][-]{subsection.9.2}{\376\377\000V\000o\000l\000t\000a\000g\000e\000\040\000a\000n\000d\000\040\000f\000r\000e\000q\000u\000e\000n\000c\000y\000\040\000r\000i\000d\000e\000-\000t\000h\000r\000o\000u\000g\000h}{section.9}% 33
\BOOKMARK [2][-]{subsection.9.3}{\376\377\000V\000o\000l\000t\000a\000g\000e\000\040\000a\000n\000d\000\040\000r\000e\000a\000c\000t\000i\000v\000e\000-\000p\000o\000w\000e\000r\000\040\000f\000u\000n\000c\000t\000i\000o\000n\000s}{section.9}% 34
\BOOKMARK [1][-]{section.10}{\376\377\000P\000r\000o\000t\000e\000c\000t\000i\000o\000n\000,\000\040\000F\000a\000u\000l\000t\000s\000,\000\040\000a\000n\000d\000\040\000S\000y\000m\000m\000e\000t\000r\000i\000c\000a\000l\000\040\000C\000o\000m\000p\000o\000n\000e\000n\000t\000s}{}% 35
\BOOKMARK [2][-]{subsection.10.1}{\376\377\000S\000y\000m\000m\000e\000t\000r\000i\000c\000a\000l\000\040\000c\000o\000m\000p\000o\000n\000e\000n\000t\000s}{section.10}% 36
\BOOKMARK [2][-]{subsection.10.2}{\376\377\000F\000a\000u\000l\000t\000\040\000l\000e\000v\000e\000l\000s\000\040\000a\000n\000d\000\040\000i\000n\000v\000e\000r\000t\000e\000r\000-\000l\000i\000m\000i\000t\000e\000d\000\040\000c\000u\000r\000r\000e\000n\000t}{section.10}% 37
\BOOKMARK [2][-]{subsection.10.3}{\376\377\000P\000r\000o\000t\000e\000c\000t\000i\000o\000n\000\040\000c\000o\000o\000r\000d\000i\000n\000a\000t\000i\000o\000n\000\040\000w\000o\000r\000k\000f\000l\000o\000w}{section.10}% 38
\BOOKMARK [1][-]{section.11}{\376\377\000P\000o\000w\000e\000r\000\040\000Q\000u\000a\000l\000i\000t\000y\000\040\000a\000n\000d\000\040\000W\000a\000v\000e\000f\000o\000r\000m\000\040\000A\000n\000a\000l\000y\000s\000i\000s}{}% 39
\BOOKMARK [2][-]{subsection.11.1}{\376\377\000H\000a\000r\000m\000o\000n\000i\000c\000s\000\040\000a\000n\000d\000\040\000d\000i\000s\000t\000o\000r\000t\000i\000o\000n}{section.11}% 40
\BOOKMARK [2][-]{subsection.11.2}{\376\377\000F\000l\000i\000c\000k\000e\000r\000,\000\040\000u\000n\000b\000a\000l\000a\000n\000c\000e\000,\000\040\000a\000n\000d\000\040\000t\000r\000a\000n\000s\000i\000e\000n\000t\000s}{section.11}% 41
\BOOKMARK [2][-]{subsection.11.3}{\376\377\000W\000a\000v\000e\000f\000o\000r\000m\000-\000f\000i\000r\000s\000t\000\040\000d\000i\000a\000g\000n\000o\000s\000i\000s}{section.11}% 42
\BOOKMARK [1][-]{section.12}{\376\377\000O\000T\000S\000\040\000I\000n\000v\000e\000r\000t\000e\000r\000\040\000S\000e\000l\000e\000c\000t\000i\000o\000n\000,\000\040\000S\000i\000z\000i\000n\000g\000,\000\040\000a\000n\000d\000\040\000C\000o\000n\000f\000i\000g\000u\000r\000a\000t\000i\000o\000n}{}% 43
\BOOKMARK [2][-]{subsection.12.1}{\376\377\000S\000t\000a\000r\000t\000\040\000w\000i\000t\000h\000\040\000t\000h\000e\000\040\000o\000p\000e\000r\000a\000t\000i\000n\000g\000\040\000e\000n\000v\000e\000l\000o\000p\000e}{section.12}% 44
\BOOKMARK [2][-]{subsection.12.2}{\376\377\000A\000p\000p\000a\000r\000e\000n\000t\000-\000p\000o\000w\000e\000r\000\040\000a\000n\000d\000\040\000r\000e\000a\000c\000t\000i\000v\000e\000-\000p\000o\000w\000e\000r\000\040\000l\000i\000m\000i\000t\000s}{section.12}% 45
\BOOKMARK [2][-]{subsection.12.3}{\376\377\000C\000o\000n\000f\000i\000g\000u\000r\000a\000t\000i\000o\000n\000\040\000m\000a\000n\000a\000g\000e\000m\000e\000n\000t}{section.12}% 46
\BOOKMARK [1][-]{section.13}{\376\377\000V\000a\000l\000i\000d\000a\000t\000i\000o\000n\000\040\000E\000n\000g\000i\000n\000e\000e\000r\000i\000n\000g\000\040\000a\000n\000d\000\040\000T\000e\000s\000t\000\040\000D\000e\000s\000i\000g\000n}{}% 47
\BOOKMARK [2][-]{subsection.13.1}{\376\377\000F\000r\000o\000m\000\040\000r\000e\000q\000u\000i\000r\000e\000m\000e\000n\000t\000\040\000t\000o\000\040\000r\000e\000p\000r\000o\000d\000u\000c\000i\000b\000l\000e\000\040\000e\000v\000i\000d\000e\000n\000c\000e}{section.13}% 48
\BOOKMARK [2][-]{subsection.13.2}{\376\377\000L\000V\000R\000T\000\040\000e\000x\000e\000c\000u\000t\000i\000o\000n\000\040\000e\000x\000a\000m\000p\000l\000e}{section.13}% 49
\BOOKMARK [2][-]{subsection.13.3}{\376\377\000T\000e\000s\000t\000\040\000d\000a\000t\000a\000\040\000q\000u\000a\000l\000i\000t\000y}{section.13}% 50
\BOOKMARK [1][-]{section.14}{\376\377\000I\000n\000d\000u\000s\000t\000r\000i\000a\000l\000\040\000C\000o\000m\000m\000u\000n\000i\000c\000a\000t\000i\000o\000n\000s\000\040\000a\000n\000d\000\040\000D\000a\000t\000a\000\040\000I\000n\000t\000e\000g\000r\000i\000t\000y}{}% 51
\BOOKMARK [2][-]{subsection.14.1}{\376\377\000M\000o\000d\000b\000u\000s\000\040\000T\000C\000P\000\040\000a\000n\000d\000\040\000M\000o\000d\000b\000u\000s\000\040\000R\000T\000U}{section.14}% 52
\BOOKMARK [2][-]{subsection.14.2}{\376\377\000C\000A\000N\000\040\000a\000n\000d\000\040\000S\000u\000n\000S\000p\000e\000c}{section.14}% 53
\BOOKMARK [2][-]{subsection.14.3}{\376\377\000C\000o\000n\000t\000r\000o\000l\000\040\000a\000u\000t\000h\000o\000r\000i\000t\000y\000\040\000a\000n\000d\000\040\000b\000a\000d\000\040\000d\000a\000t\000a}{section.14}% 54
\BOOKMARK [1][-]{section.15}{\376\377\000T\000r\000o\000u\000b\000l\000e\000s\000h\000o\000o\000t\000i\000n\000g\000\040\000a\000n\000d\000\040\000R\000o\000o\000t\000-\000C\000a\000u\000s\000e\000\040\000A\000n\000a\000l\000y\000s\000i\000s}{}% 55
\BOOKMARK [2][-]{subsection.15.1}{\376\377\000H\000y\000p\000o\000t\000h\000e\000s\000i\000s\000-\000d\000r\000i\000v\000e\000n\000\040\000w\000o\000r\000k\000f\000l\000o\000w}{section.15}% 56
\BOOKMARK [2][-]{subsection.15.2}{\376\377\000E\000v\000i\000d\000e\000n\000c\000e\000-\000b\000a\000c\000k\000e\000d\000\040\000F\000i\000v\000e\000\040\000W\000h\000y\000s}{section.15}% 57
\BOOKMARK [1][-]{section.16}{\376\377\000H\000i\000g\000h\000-\000V\000o\000l\000t\000a\000g\000e\000\040\000L\000a\000b\000o\000r\000a\000t\000o\000r\000y\000\040\000a\000n\000d\000\040\000F\000i\000e\000l\000d\000\040\000S\000a\000f\000e\000t\000y}{}% 58
\BOOKMARK [2][-]{subsection.16.1}{\376\377\000E\000n\000e\000r\000g\000y\000\040\000a\000w\000a\000r\000e\000n\000e\000s\000s}{section.16}% 59
\BOOKMARK [2][-]{subsection.16.2}{\376\377\000S\000a\000f\000e\000\040\000t\000e\000s\000t\000\040\000p\000l\000a\000n\000n\000i\000n\000g}{section.16}% 60
\BOOKMARK [1][-]{section.17}{\376\377\000C\000r\000o\000s\000s\000-\000F\000u\000n\000c\000t\000i\000o\000n\000a\000l\000\040\000E\000n\000g\000i\000n\000e\000e\000r\000i\000n\000g\000\040\000I\000n\000t\000e\000r\000f\000a\000c\000e\000s}{}% 61
\BOOKMARK [2][-]{subsection.17.1}{\376\377\000M\000e\000c\000h\000a\000n\000i\000c\000a\000l\000\040\000a\000n\000d\000\040\000t\000h\000e\000r\000m\000a\000l}{section.17}% 62
\BOOKMARK [2][-]{subsection.17.2}{\376\377\000C\000o\000n\000t\000r\000o\000l\000s\000\040\000a\000n\000d\000\040\000s\000o\000f\000t\000w\000a\000r\000e}{section.17}% 63
\BOOKMARK [2][-]{subsection.17.3}{\376\377\000M\000a\000n\000u\000f\000a\000c\000t\000u\000r\000i\000n\000g\000\040\000a\000n\000d\000\040\000q\000u\000a\000l\000i\000t\000y}{section.17}% 64
\BOOKMARK [1][-]{section.18}{\376\377\000W\000o\000r\000k\000e\000d\000\040\000S\000y\000s\000t\000e\000m\000-\000I\000n\000t\000e\000g\000r\000a\000t\000i\000o\000n\000\040\000S\000t\000u\000d\000y}{}% 65
\BOOKMARK [1][-]{section.19}{\376\377\000F\000o\000r\000m\000u\000l\000a\000\040\000S\000h\000e\000e\000t\000\040\000a\000n\000d\000\040\000R\000e\000l\000e\000a\000s\000e\000\040\000C\000h\000e\000c\000k\000l\000i\000s\000t}{}% 66
